// Jest Snapshot v1, https://goo.gl/fbAQLP

exports[`<SignUp/> renders and matches snapshot 1`] = `
<div>
  <form
    class="Form-sc-1xszr8q-0 hVEEdl"
    method="POST"
  >
    <h2>
      Sign up for an account
    </h2>
    <fieldset>
      <label
        for="name"
      >
        Name
        <input
          autocomplete="name"
          id="name"
          name="name"
          placeholder="Your name "
          type="text"
          value=""
        />
      </label>
      <label
        for="email"
      >
        Email
        <input
          autocomplete="email"
          id="email"
          name="email"
          placeholder="Your Email Addres"
          type="email"
          value=""
        />
      </label>
      <label
        for="password"
      >
        Password
        <input
          id="password"
          name="password"
          placeholder="Your password"
          type="password"
          value=""
        />
      </label>
      <button
        type="submit"
      >
        Sign up
      </button>
    </fieldset>
  </form>
</div>
`;
